2024-06-03T14:58:38  test: add edge case
2024-07-15T09:15:45  refactor: tidy internals
2024-08-09T16:32:52  fix: handle empty input gracefully
2024-09-04T11:49:59  perf: micro-optimization
2024-09-29T18:06:06  style: formatting
2024-10-18T13:23:13  chore: bump dev tooling
2024-11-12T08:40:20  docs: expand examples
2024-12-08T15:57:27  test: strengthen coverage
2025-01-02T10:14:34  chore: tune defaults
2025-01-21T17:31:41  refactor: simplify helper
2025-02-15T12:48:48  chore: routine maintenance
2025-03-13T19:05:55  docs: clarify usage notes
2025-04-07T14:22:02  test: add edge case
2025-04-26T09:39:09  refactor: tidy internals
2025-05-21T16:56:16  fix: handle empty input gracefully
2025-06-16T11:13:23  perf: micro-optimization
2025-07-11T18:30:30  style: formatting
2025-08-05T13:47:37  chore: bump dev tooling
2025-08-24T08:04:44  docs: expand examples
2025-09-18T15:21:51  test: strengthen coverage
2025-10-14T10:38:58  chore: tune defaults
2025-11-08T17:55:05  refactor: simplify helper
2025-11-27T12:12:12  chore: routine maintenance
2025-12-22T19:29:19  docs: clarify usage notes
2026-01-17T14:46:26  test: add edge case
2026-02-11T09:03:33  refactor: tidy internals
2026-03-02T16:20:40  fix: handle empty input gracefully
2026-03-27T11:37:47  perf: micro-optimization
2026-04-22T18:54:54  style: formatting
2026-05-17T13:11:01  chore: bump dev tooling
2024-08-26T14:58:38  chore: in case of fire — commit, push, leave building
2024-10-07T09:15:45  docs: ELI5 pass
2025-01-28T16:32:52  refactor: future me will understand this
